01:01:41 **** Incremental Build of configuration Debug for project 10_adc_continues_conversion ****
make -j16 all 
arm-none-eabi-gcc "../Src/adc.c" -mcpu=cortex-m4 -std=gnu11 -g3 -DDEBUG -DSTM32 -DSTM32F401RETx -DSTM32F4 -DSTM32F401xE -c -I../Inc -I"C:/Users/matan/Documents/STM32F4-BareMetal_Workspace/chip_headers/CMSIS/Device/ST/STM32F4xx/Include" -I"C:/Users/matan/Documents/STM32F4-BareMetal_Workspace/chip_headers/CMSIS/Include" -O0 -ffunction-sections -fdata-sections -Wall -fstack-usage -fcyclomatic-complexity -MMD -MP -MF"Src/adc.d" -MT"Src/adc.o" --specs=nano.specs -mfpu=fpv4-sp-d16 -mfloat-abi=hard -mthumb -o "Src/adc.o"
arm-none-eabi-gcc -o "10_adc_continues_conversion.elf" @"objects.list"   -mcpu=cortex-m4 -T"C:\Users\matan\Documents\STM32F4-BareMetal_Workspace\10_adc_continues_conversion\STM32F401RETX_FLASH.ld" --specs=nosys.specs -Wl,-Map="10_adc_continues_conversion.map" -Wl,--gc-sections -static --specs=nano.specs -mfpu=fpv4-sp-d16 -mfloat-abi=hard -mthumb -Wl,--start-group -lc -lm -Wl,--end-group
Finished building target: 10_adc_continues_conversion.elf
 
arm-none-eabi-size  10_adc_continues_conversion.elf 
arm-none-eabi-objdump -h -S 10_adc_continues_conversion.elf  > "10_adc_continues_conversion.list"
   text	   data	    bss	    dec	    hex	filename
   5416	     92	   1908	   7416	   1cf8	10_adc_continues_conversion.elf
Finished building: default.size.stdout
 
Finished building: 10_adc_continues_conversion.list
 

01:01:42 Build Finished. 0 errors, 0 warnings. (took 393ms)

