23:39:09 **** Incremental Build of configuration Debug for project 3_gpio_bsrr-bit_set_reset_register ****
make -j16 all 
arm-none-eabi-gcc "../Src/main.c" -mcpu=cortex-m4 -std=gnu11 -g3 -DDEBUG -DSTM32 -DSTM32F401RETx -DSTM32F4 -DSTM32F401xE -c -I../Inc -I"C:/Users/matan/Documents/STM32F4-BareMetal_Workspace/chip_headers/CMSIS/Device/ST/STM32F4xx/Include" -I"C:/Users/matan/Documents/STM32F4-BareMetal_Workspace/chip_headers/CMSIS/Include" -O0 -ffunction-sections -fdata-sections -Wall -fstack-usage -fcyclomatic-complexity -MMD -MP -MF"Src/main.d" -MT"Src/main.o" --specs=nano.specs -mfpu=fpv4-sp-d16 -mfloat-abi=hard -mthumb -o "Src/main.o"
arm-none-eabi-gcc -o "3_gpio_bsrr-bit_set_reset_register.elf" @"objects.list"   -mcpu=cortex-m4 -T"C:\Users\matan\Documents\STM32F4-BareMetal_Workspace\3_gpio_bsrr-bit_set_reset_register\STM32F401RETX_FLASH.ld" --specs=nosys.specs -Wl,-Map="3_gpio_bsrr-bit_set_reset_register.map" -Wl,--gc-sections -static --specs=nano.specs -mfpu=fpv4-sp-d16 -mfloat-abi=hard -mthumb -Wl,--start-group -lc -lm -Wl,--end-group
Finished building target: 3_gpio_bsrr-bit_set_reset_register.elf
 
arm-none-eabi-size  3_gpio_bsrr-bit_set_reset_register.elf 
arm-none-eabi-objdump -h -S 3_gpio_bsrr-bit_set_reset_register.elf  > "3_gpio_bsrr-bit_set_reset_register.list"
   text	   data	    bss	    dec	    hex	filename
    768	      0	   1568	   2336	    920	3_gpio_bsrr-bit_set_reset_register.elf
Finished building: default.size.stdout
 
Finished building: 3_gpio_bsrr-bit_set_reset_register.list
 

23:39:10 Build Finished. 0 errors, 0 warnings. (took 337ms)

